INFO [2026-04-01 15:23:06] $x
INFO [2026-04-01 15:23:06] list(`With outlier` = deg_with_outlier, `Without outlier` = deg_wo_outlier)
INFO [2026-04-01 15:23:06] 
INFO [2026-04-01 15:23:06] $filename
INFO [2026-04-01 15:23:06] NULL
INFO [2026-04-01 15:23:06] 
INFO [2026-04-01 15:23:06] $fill
INFO [2026-04-01 15:23:06] c("steelblue", "tomato")
INFO [2026-04-01 15:23:06] 
INFO [2026-04-01 15:23:06] $alpha
INFO [2026-04-01 15:23:06] [1] 0.5
INFO [2026-04-01 15:23:06] 
INFO [2026-04-01 15:23:06] $cex
INFO [2026-04-01 15:23:06] [1] 1.5
INFO [2026-04-01 15:23:06] 
INFO [2026-04-01 15:23:06] $cat.cex
INFO [2026-04-01 15:23:06] [1] 1.2
INFO [2026-04-01 15:23:06] 
INFO [2026-04-01 15:23:06] $cat.pos
INFO [2026-04-01 15:23:06] c(-20, 20)
INFO [2026-04-01 15:23:06] 
